32: 0x000000fc64daae
64: 0x1d20234e9e711e26
chain32: 0x000000fc64daae
chain64: 0x1d20234e9e711e26
