0x0000000000000000
data: 0x1d20234e9e711e26
integer: 0x23cc2a942c86a786
long long 0x23cc2a942c86a786
float 0xc2d1a2481b3ff300
double: 0xc2d1a2481b3ff300
pointer: 0x23cc2a942c86a786
32: 0x000000fc64daae
64: 0x1d20234e9e711e26
