811c9dc5 + V-> d30c0e69
d30c0e69 + f-> 4afa219d
4afa219d + L-> d8c33c03
d8c33c03 +  -> 5e57ab19
5e57ab19 + B-> df02c041
df02c041 + o-> 3f54886a
3f54886a + c-> bb12262b
bb12262b + h-> c0923b79
c0923b79 + u-> 3232f3e4
3232f3e4 + m-> 8f3560ab
8f3560ab +  -> fc06fad1
fc06fad1 + 1-> 9efceea0
9efceea0 + 8-> e02b9948
e02b9948 + 4-> 60a29e34
60a29e34 + 8-> 2bfecce4
