[10/10] intersects [10/10] 
[10/10] is contained in [10/10] 
[0/20] intersects [10/10] 
[10/20] intersects [10/10] 
