NULL contains NULL = NO
NULL contains 0-0 (1) = NO
NULL contains 0-1 (2) = NO
NULL contains 0-2 (3) = NO
0-0 (1) contains NULL = YES
0-0 (1) contains 0-0 (1) = YES
0-0 (1) contains 0-1 (2) = NO
0-0 (1) contains 0-2 (3) = NO
0-1 (2) contains NULL = YES
0-1 (2) contains 0-0 (1) = YES
0-1 (2) contains 0-1 (2) = YES
0-1 (2) contains 0-2 (3) = NO
0-2 (3) contains NULL = YES
0-2 (3) contains 0-0 (1) = YES
0-2 (3) contains 0-1 (2) = YES
0-2 (3) contains 0-2 (3) = YES
NULL contains NULL = NO
NULL contains 1-1 (1) = NO
NULL contains 1-2 (2) = NO
NULL contains 1-3 (3) = NO
0-0 (1) contains NULL = NO
0-0 (1) contains 1-1 (1) = NO
0-0 (1) contains 1-2 (2) = NO
0-0 (1) contains 1-3 (3) = NO
0-1 (2) contains NULL = YES
0-1 (2) contains 1-1 (1) = YES
0-1 (2) contains 1-2 (2) = NO
0-1 (2) contains 1-3 (3) = NO
0-2 (3) contains NULL = YES
0-2 (3) contains 1-1 (1) = YES
0-2 (3) contains 1-2 (2) = YES
0-2 (3) contains 1-3 (3) = NO
NULL contains NULL = NO
NULL contains 2-2 (1) = NO
NULL contains 2-3 (2) = NO
NULL contains 2-4 (3) = NO
0-0 (1) contains NULL = NO
0-0 (1) contains 2-2 (1) = NO
0-0 (1) contains 2-3 (2) = NO
0-0 (1) contains 2-4 (3) = NO
0-1 (2) contains NULL = NO
0-1 (2) contains 2-2 (1) = NO
0-1 (2) contains 2-3 (2) = NO
0-1 (2) contains 2-4 (3) = NO
0-2 (3) contains NULL = YES
0-2 (3) contains 2-2 (1) = YES
0-2 (3) contains 2-3 (2) = NO
0-2 (3) contains 2-4 (3) = NO
NULL contains NULL = NO
NULL contains 3-3 (1) = NO
NULL contains 3-4 (2) = NO
NULL contains 3-5 (3) = NO
0-0 (1) contains NULL = NO
0-0 (1) contains 3-3 (1) = NO
0-0 (1) contains 3-4 (2) = NO
0-0 (1) contains 3-5 (3) = NO
0-1 (2) contains NULL = NO
0-1 (2) contains 3-3 (1) = NO
0-1 (2) contains 3-4 (2) = NO
0-1 (2) contains 3-5 (3) = NO
0-2 (3) contains NULL = NO
0-2 (3) contains 3-3 (1) = NO
0-2 (3) contains 3-4 (2) = NO
0-2 (3) contains 3-5 (3) = NO
NULL contains NULL = NO
NULL contains 0-0 (1) = NO
NULL contains 0-1 (2) = NO
NULL contains 0-2 (3) = NO
1-1 (1) contains NULL = NO
1-1 (1) contains 0-0 (1) = NO
1-1 (1) contains 0-1 (2) = NO
1-1 (1) contains 0-2 (3) = NO
1-2 (2) contains NULL = NO
1-2 (2) contains 0-0 (1) = NO
1-2 (2) contains 0-1 (2) = NO
1-2 (2) contains 0-2 (3) = NO
1-3 (3) contains NULL = NO
1-3 (3) contains 0-0 (1) = NO
1-3 (3) contains 0-1 (2) = NO
1-3 (3) contains 0-2 (3) = NO
NULL contains NULL = NO
NULL contains 1-1 (1) = NO
NULL contains 1-2 (2) = NO
NULL contains 1-3 (3) = NO
1-1 (1) contains NULL = YES
1-1 (1) contains 1-1 (1) = YES
1-1 (1) contains 1-2 (2) = NO
1-1 (1) contains 1-3 (3) = NO
1-2 (2) contains NULL = YES
1-2 (2) contains 1-1 (1) = YES
1-2 (2) contains 1-2 (2) = YES
1-2 (2) contains 1-3 (3) = NO
1-3 (3) contains NULL = YES
1-3 (3) contains 1-1 (1) = YES
1-3 (3) contains 1-2 (2) = YES
1-3 (3) contains 1-3 (3) = YES
NULL contains NULL = NO
NULL contains 2-2 (1) = NO
NULL contains 2-3 (2) = NO
NULL contains 2-4 (3) = NO
1-1 (1) contains NULL = NO
1-1 (1) contains 2-2 (1) = NO
1-1 (1) contains 2-3 (2) = NO
1-1 (1) contains 2-4 (3) = NO
1-2 (2) contains NULL = YES
1-2 (2) contains 2-2 (1) = YES
1-2 (2) contains 2-3 (2) = NO
1-2 (2) contains 2-4 (3) = NO
1-3 (3) contains NULL = YES
1-3 (3) contains 2-2 (1) = YES
1-3 (3) contains 2-3 (2) = YES
1-3 (3) contains 2-4 (3) = NO
NULL contains NULL = NO
NULL contains 3-3 (1) = NO
NULL contains 3-4 (2) = NO
NULL contains 3-5 (3) = NO
1-1 (1) contains NULL = NO
1-1 (1) contains 3-3 (1) = NO
1-1 (1) contains 3-4 (2) = NO
1-1 (1) contains 3-5 (3) = NO
1-2 (2) contains NULL = NO
1-2 (2) contains 3-3 (1) = NO
1-2 (2) contains 3-4 (2) = NO
1-2 (2) contains 3-5 (3) = NO
1-3 (3) contains NULL = YES
1-3 (3) contains 3-3 (1) = YES
1-3 (3) contains 3-4 (2) = NO
1-3 (3) contains 3-5 (3) = NO
NULL contains NULL = NO
NULL contains 0-0 (1) = NO
NULL contains 0-1 (2) = NO
NULL contains 0-2 (3) = NO
2-2 (1) contains NULL = NO
2-2 (1) contains 0-0 (1) = NO
2-2 (1) contains 0-1 (2) = NO
2-2 (1) contains 0-2 (3) = NO
2-3 (2) contains NULL = NO
2-3 (2) contains 0-0 (1) = NO
2-3 (2) contains 0-1 (2) = NO
2-3 (2) contains 0-2 (3) = NO
2-4 (3) contains NULL = NO
2-4 (3) contains 0-0 (1) = NO
2-4 (3) contains 0-1 (2) = NO
2-4 (3) contains 0-2 (3) = NO
NULL contains NULL = NO
NULL contains 1-1 (1) = NO
NULL contains 1-2 (2) = NO
NULL contains 1-3 (3) = NO
2-2 (1) contains NULL = NO
2-2 (1) contains 1-1 (1) = NO
2-2 (1) contains 1-2 (2) = NO
2-2 (1) contains 1-3 (3) = NO
2-3 (2) contains NULL = NO
2-3 (2) contains 1-1 (1) = NO
2-3 (2) contains 1-2 (2) = NO
2-3 (2) contains 1-3 (3) = NO
2-4 (3) contains NULL = NO
2-4 (3) contains 1-1 (1) = NO
2-4 (3) contains 1-2 (2) = NO
2-4 (3) contains 1-3 (3) = NO
NULL contains NULL = NO
NULL contains 2-2 (1) = NO
NULL contains 2-3 (2) = NO
NULL contains 2-4 (3) = NO
2-2 (1) contains NULL = YES
2-2 (1) contains 2-2 (1) = YES
2-2 (1) contains 2-3 (2) = NO
2-2 (1) contains 2-4 (3) = NO
2-3 (2) contains NULL = YES
2-3 (2) contains 2-2 (1) = YES
2-3 (2) contains 2-3 (2) = YES
2-3 (2) contains 2-4 (3) = NO
2-4 (3) contains NULL = YES
2-4 (3) contains 2-2 (1) = YES
2-4 (3) contains 2-3 (2) = YES
2-4 (3) contains 2-4 (3) = YES
NULL contains NULL = NO
NULL contains 3-3 (1) = NO
NULL contains 3-4 (2) = NO
NULL contains 3-5 (3) = NO
2-2 (1) contains NULL = NO
2-2 (1) contains 3-3 (1) = NO
2-2 (1) contains 3-4 (2) = NO
2-2 (1) contains 3-5 (3) = NO
2-3 (2) contains NULL = YES
2-3 (2) contains 3-3 (1) = YES
2-3 (2) contains 3-4 (2) = NO
2-3 (2) contains 3-5 (3) = NO
2-4 (3) contains NULL = YES
2-4 (3) contains 3-3 (1) = YES
2-4 (3) contains 3-4 (2) = YES
2-4 (3) contains 3-5 (3) = NO
NULL contains NULL = NO
NULL contains 0-0 (1) = NO
NULL contains 0-1 (2) = NO
NULL contains 0-2 (3) = NO
3-3 (1) contains NULL = NO
3-3 (1) contains 0-0 (1) = NO
3-3 (1) contains 0-1 (2) = NO
3-3 (1) contains 0-2 (3) = NO
3-4 (2) contains NULL = NO
3-4 (2) contains 0-0 (1) = NO
3-4 (2) contains 0-1 (2) = NO
3-4 (2) contains 0-2 (3) = NO
3-5 (3) contains NULL = NO
3-5 (3) contains 0-0 (1) = NO
3-5 (3) contains 0-1 (2) = NO
3-5 (3) contains 0-2 (3) = NO
NULL contains NULL = NO
NULL contains 1-1 (1) = NO
NULL contains 1-2 (2) = NO
NULL contains 1-3 (3) = NO
3-3 (1) contains NULL = NO
3-3 (1) contains 1-1 (1) = NO
3-3 (1) contains 1-2 (2) = NO
3-3 (1) contains 1-3 (3) = NO
3-4 (2) contains NULL = NO
3-4 (2) contains 1-1 (1) = NO
3-4 (2) contains 1-2 (2) = NO
3-4 (2) contains 1-3 (3) = NO
3-5 (3) contains NULL = NO
3-5 (3) contains 1-1 (1) = NO
3-5 (3) contains 1-2 (2) = NO
3-5 (3) contains 1-3 (3) = NO
NULL contains NULL = NO
NULL contains 2-2 (1) = NO
NULL contains 2-3 (2) = NO
NULL contains 2-4 (3) = NO
3-3 (1) contains NULL = NO
3-3 (1) contains 2-2 (1) = NO
3-3 (1) contains 2-3 (2) = NO
3-3 (1) contains 2-4 (3) = NO
3-4 (2) contains NULL = NO
3-4 (2) contains 2-2 (1) = NO
3-4 (2) contains 2-3 (2) = NO
3-4 (2) contains 2-4 (3) = NO
3-5 (3) contains NULL = NO
3-5 (3) contains 2-2 (1) = NO
3-5 (3) contains 2-3 (2) = NO
3-5 (3) contains 2-4 (3) = NO
NULL contains NULL = NO
NULL contains 3-3 (1) = NO
NULL contains 3-4 (2) = NO
NULL contains 3-5 (3) = NO
3-3 (1) contains NULL = YES
3-3 (1) contains 3-3 (1) = YES
3-3 (1) contains 3-4 (2) = NO
3-3 (1) contains 3-5 (3) = NO
3-4 (2) contains NULL = YES
3-4 (2) contains 3-3 (1) = YES
3-4 (2) contains 3-4 (2) = YES
3-4 (2) contains 3-5 (3) = NO
3-5 (3) contains NULL = YES
3-5 (3) contains 3-3 (1) = YES
3-5 (3) contains 3-4 (2) = YES
3-5 (3) contains 3-5 (3) = YES
