NULL - NULL = NULL
NULL - 0-24 (25) = NULL
NULL - 0-49 (50) = NULL
NULL - 0-74 (75) = NULL
0-24 (25) - NULL = 0-24 (25)
0-24 (25) - 0-24 (25) = NULL
0-24 (25) - 0-49 (50) = NULL
0-24 (25) - 0-74 (75) = NULL
0-49 (50) - NULL = 0-49 (50)
0-49 (50) - 0-24 (25) = 25-49 (25)
0-49 (50) - 0-49 (50) = NULL
0-49 (50) - 0-74 (75) = NULL
0-74 (75) - NULL = 0-74 (75)
0-74 (75) - 0-24 (25) = 25-74 (50)
0-74 (75) - 0-49 (50) = 50-74 (25)
0-74 (75) - 0-74 (75) = NULL
NULL - NULL = NULL
NULL - 25-49 (25) = NULL
NULL - 25-74 (50) = NULL
NULL - 25-99 (75) = NULL
0-24 (25) - NULL = 0-24 (25)
0-24 (25) - 25-49 (25) = 0-24 (25)
0-24 (25) - 25-74 (50) = 0-24 (25)
0-24 (25) - 25-99 (75) = 0-24 (25)
0-49 (50) - NULL = 0-49 (50)
0-49 (50) - 25-49 (25) = 0-24 (25)
0-49 (50) - 25-74 (50) = 0-24 (25)
0-49 (50) - 25-99 (75) = 0-24 (25)
0-74 (75) - NULL = 0-74 (75)
0-74 (75) - 25-49 (25) = 0-24 (25), 50-74 (25)
0-74 (75) - 25-74 (50) = 0-24 (25)
0-74 (75) - 25-99 (75) = 0-24 (25)
NULL - NULL = NULL
NULL - 50-74 (25) = NULL
NULL - 50-99 (50) = NULL
NULL - 50-124 (75) = NULL
0-24 (25) - NULL = 0-24 (25)
0-24 (25) - 50-74 (25) = 0-24 (25)
0-24 (25) - 50-99 (50) = 0-24 (25)
0-24 (25) - 50-124 (75) = 0-24 (25)
0-49 (50) - NULL = 0-49 (50)
0-49 (50) - 50-74 (25) = 0-49 (50)
0-49 (50) - 50-99 (50) = 0-49 (50)
0-49 (50) - 50-124 (75) = 0-49 (50)
0-74 (75) - NULL = 0-74 (75)
0-74 (75) - 50-74 (25) = 0-49 (50)
0-74 (75) - 50-99 (50) = 0-49 (50)
0-74 (75) - 50-124 (75) = 0-49 (50)
NULL - NULL = NULL
NULL - 75-99 (25) = NULL
NULL - 75-124 (50) = NULL
NULL - 75-149 (75) = NULL
0-24 (25) - NULL = 0-24 (25)
0-24 (25) - 75-99 (25) = 0-24 (25)
0-24 (25) - 75-124 (50) = 0-24 (25)
0-24 (25) - 75-149 (75) = 0-24 (25)
0-49 (50) - NULL = 0-49 (50)
0-49 (50) - 75-99 (25) = 0-49 (50)
0-49 (50) - 75-124 (50) = 0-49 (50)
0-49 (50) - 75-149 (75) = 0-49 (50)
0-74 (75) - NULL = 0-74 (75)
0-74 (75) - 75-99 (25) = 0-74 (75)
0-74 (75) - 75-124 (50) = 0-74 (75)
0-74 (75) - 75-149 (75) = 0-74 (75)
NULL - NULL = NULL
NULL - 0-24 (25) = NULL
NULL - 0-49 (50) = NULL
NULL - 0-74 (75) = NULL
25-49 (25) - NULL = 25-49 (25)
25-49 (25) - 0-24 (25) = 25-49 (25)
25-49 (25) - 0-49 (50) = NULL
25-49 (25) - 0-74 (75) = NULL
25-74 (50) - NULL = 25-74 (50)
25-74 (50) - 0-24 (25) = 25-74 (50)
25-74 (50) - 0-49 (50) = 50-74 (25)
25-74 (50) - 0-74 (75) = NULL
25-99 (75) - NULL = 25-99 (75)
25-99 (75) - 0-24 (25) = 25-99 (75)
25-99 (75) - 0-49 (50) = 50-99 (50)
25-99 (75) - 0-74 (75) = 75-99 (25)
NULL - NULL = NULL
NULL - 25-49 (25) = NULL
NULL - 25-74 (50) = NULL
NULL - 25-99 (75) = NULL
25-49 (25) - NULL = 25-49 (25)
25-49 (25) - 25-49 (25) = NULL
25-49 (25) - 25-74 (50) = NULL
25-49 (25) - 25-99 (75) = NULL
25-74 (50) - NULL = 25-74 (50)
25-74 (50) - 25-49 (25) = 50-74 (25)
25-74 (50) - 25-74 (50) = NULL
25-74 (50) - 25-99 (75) = NULL
25-99 (75) - NULL = 25-99 (75)
25-99 (75) - 25-49 (25) = 50-99 (50)
25-99 (75) - 25-74 (50) = 75-99 (25)
25-99 (75) - 25-99 (75) = NULL
NULL - NULL = NULL
NULL - 50-74 (25) = NULL
NULL - 50-99 (50) = NULL
NULL - 50-124 (75) = NULL
25-49 (25) - NULL = 25-49 (25)
25-49 (25) - 50-74 (25) = 25-49 (25)
25-49 (25) - 50-99 (50) = 25-49 (25)
25-49 (25) - 50-124 (75) = 25-49 (25)
25-74 (50) - NULL = 25-74 (50)
25-74 (50) - 50-74 (25) = 25-49 (25)
25-74 (50) - 50-99 (50) = 25-49 (25)
25-74 (50) - 50-124 (75) = 25-49 (25)
25-99 (75) - NULL = 25-99 (75)
25-99 (75) - 50-74 (25) = 25-49 (25), 75-99 (25)
25-99 (75) - 50-99 (50) = 25-49 (25)
25-99 (75) - 50-124 (75) = 25-49 (25)
NULL - NULL = NULL
NULL - 75-99 (25) = NULL
NULL - 75-124 (50) = NULL
NULL - 75-149 (75) = NULL
25-49 (25) - NULL = 25-49 (25)
25-49 (25) - 75-99 (25) = 25-49 (25)
25-49 (25) - 75-124 (50) = 25-49 (25)
25-49 (25) - 75-149 (75) = 25-49 (25)
25-74 (50) - NULL = 25-74 (50)
25-74 (50) - 75-99 (25) = 25-74 (50)
25-74 (50) - 75-124 (50) = 25-74 (50)
25-74 (50) - 75-149 (75) = 25-74 (50)
25-99 (75) - NULL = 25-99 (75)
25-99 (75) - 75-99 (25) = 25-74 (50)
25-99 (75) - 75-124 (50) = 25-74 (50)
25-99 (75) - 75-149 (75) = 25-74 (50)
NULL - NULL = NULL
NULL - 0-24 (25) = NULL
NULL - 0-49 (50) = NULL
NULL - 0-74 (75) = NULL
50-74 (25) - NULL = 50-74 (25)
50-74 (25) - 0-24 (25) = 50-74 (25)
50-74 (25) - 0-49 (50) = 50-74 (25)
50-74 (25) - 0-74 (75) = NULL
50-99 (50) - NULL = 50-99 (50)
50-99 (50) - 0-24 (25) = 50-99 (50)
50-99 (50) - 0-49 (50) = 50-99 (50)
50-99 (50) - 0-74 (75) = 75-99 (25)
50-124 (75) - NULL = 50-124 (75)
50-124 (75) - 0-24 (25) = 50-124 (75)
50-124 (75) - 0-49 (50) = 50-124 (75)
50-124 (75) - 0-74 (75) = 75-124 (50)
NULL - NULL = NULL
NULL - 25-49 (25) = NULL
NULL - 25-74 (50) = NULL
NULL - 25-99 (75) = NULL
50-74 (25) - NULL = 50-74 (25)
50-74 (25) - 25-49 (25) = 50-74 (25)
50-74 (25) - 25-74 (50) = NULL
50-74 (25) - 25-99 (75) = NULL
50-99 (50) - NULL = 50-99 (50)
50-99 (50) - 25-49 (25) = 50-99 (50)
50-99 (50) - 25-74 (50) = 75-99 (25)
50-99 (50) - 25-99 (75) = NULL
50-124 (75) - NULL = 50-124 (75)
50-124 (75) - 25-49 (25) = 50-124 (75)
50-124 (75) - 25-74 (50) = 75-124 (50)
50-124 (75) - 25-99 (75) = 100-124 (25)
NULL - NULL = NULL
NULL - 50-74 (25) = NULL
NULL - 50-99 (50) = NULL
NULL - 50-124 (75) = NULL
50-74 (25) - NULL = 50-74 (25)
50-74 (25) - 50-74 (25) = NULL
50-74 (25) - 50-99 (50) = NULL
50-74 (25) - 50-124 (75) = NULL
50-99 (50) - NULL = 50-99 (50)
50-99 (50) - 50-74 (25) = 75-99 (25)
50-99 (50) - 50-99 (50) = NULL
50-99 (50) - 50-124 (75) = NULL
50-124 (75) - NULL = 50-124 (75)
50-124 (75) - 50-74 (25) = 75-124 (50)
50-124 (75) - 50-99 (50) = 100-124 (25)
50-124 (75) - 50-124 (75) = NULL
NULL - NULL = NULL
NULL - 75-99 (25) = NULL
NULL - 75-124 (50) = NULL
NULL - 75-149 (75) = NULL
50-74 (25) - NULL = 50-74 (25)
50-74 (25) - 75-99 (25) = 50-74 (25)
50-74 (25) - 75-124 (50) = 50-74 (25)
50-74 (25) - 75-149 (75) = 50-74 (25)
50-99 (50) - NULL = 50-99 (50)
50-99 (50) - 75-99 (25) = 50-74 (25)
50-99 (50) - 75-124 (50) = 50-74 (25)
50-99 (50) - 75-149 (75) = 50-74 (25)
50-124 (75) - NULL = 50-124 (75)
50-124 (75) - 75-99 (25) = 50-74 (25), 100-124 (25)
50-124 (75) - 75-124 (50) = 50-74 (25)
50-124 (75) - 75-149 (75) = 50-74 (25)
NULL - NULL = NULL
NULL - 0-24 (25) = NULL
NULL - 0-49 (50) = NULL
NULL - 0-74 (75) = NULL
75-99 (25) - NULL = 75-99 (25)
75-99 (25) - 0-24 (25) = 75-99 (25)
75-99 (25) - 0-49 (50) = 75-99 (25)
75-99 (25) - 0-74 (75) = 75-99 (25)
75-124 (50) - NULL = 75-124 (50)
75-124 (50) - 0-24 (25) = 75-124 (50)
75-124 (50) - 0-49 (50) = 75-124 (50)
75-124 (50) - 0-74 (75) = 75-124 (50)
75-149 (75) - NULL = 75-149 (75)
75-149 (75) - 0-24 (25) = 75-149 (75)
75-149 (75) - 0-49 (50) = 75-149 (75)
75-149 (75) - 0-74 (75) = 75-149 (75)
NULL - NULL = NULL
NULL - 25-49 (25) = NULL
NULL - 25-74 (50) = NULL
NULL - 25-99 (75) = NULL
75-99 (25) - NULL = 75-99 (25)
75-99 (25) - 25-49 (25) = 75-99 (25)
75-99 (25) - 25-74 (50) = 75-99 (25)
75-99 (25) - 25-99 (75) = NULL
75-124 (50) - NULL = 75-124 (50)
75-124 (50) - 25-49 (25) = 75-124 (50)
75-124 (50) - 25-74 (50) = 75-124 (50)
75-124 (50) - 25-99 (75) = 100-124 (25)
75-149 (75) - NULL = 75-149 (75)
75-149 (75) - 25-49 (25) = 75-149 (75)
75-149 (75) - 25-74 (50) = 75-149 (75)
75-149 (75) - 25-99 (75) = 100-149 (50)
NULL - NULL = NULL
NULL - 50-74 (25) = NULL
NULL - 50-99 (50) = NULL
NULL - 50-124 (75) = NULL
75-99 (25) - NULL = 75-99 (25)
75-99 (25) - 50-74 (25) = 75-99 (25)
75-99 (25) - 50-99 (50) = NULL
75-99 (25) - 50-124 (75) = NULL
75-124 (50) - NULL = 75-124 (50)
75-124 (50) - 50-74 (25) = 75-124 (50)
75-124 (50) - 50-99 (50) = 100-124 (25)
75-124 (50) - 50-124 (75) = NULL
75-149 (75) - NULL = 75-149 (75)
75-149 (75) - 50-74 (25) = 75-149 (75)
75-149 (75) - 50-99 (50) = 100-149 (50)
75-149 (75) - 50-124 (75) = 125-149 (25)
NULL - NULL = NULL
NULL - 75-99 (25) = NULL
NULL - 75-124 (50) = NULL
NULL - 75-149 (75) = NULL
75-99 (25) - NULL = 75-99 (25)
75-99 (25) - 75-99 (25) = NULL
75-99 (25) - 75-124 (50) = NULL
75-99 (25) - 75-149 (75) = NULL
75-124 (50) - NULL = 75-124 (50)
75-124 (50) - 75-99 (25) = 100-124 (25)
75-124 (50) - 75-124 (50) = NULL
75-124 (50) - 75-149 (75) = NULL
75-149 (75) - NULL = 75-149 (75)
75-149 (75) - 75-99 (25) = 100-149 (50)
75-149 (75) - 75-124 (50) = 125-149 (25)
75-149 (75) - 75-149 (75) = NULL
