NULL union NULL = NULL
NULL union 0-24 (25) = 0-24 (25)
NULL union 0-49 (50) = 0-49 (50)
NULL union 0-74 (75) = 0-74 (75)
0-24 (25) union NULL = 0-24 (25)
0-24 (25) union 0-24 (25) = 0-24 (25)
0-24 (25) union 0-49 (50) = 0-49 (50)
0-24 (25) union 0-74 (75) = 0-74 (75)
0-49 (50) union NULL = 0-49 (50)
0-49 (50) union 0-24 (25) = 0-49 (50)
0-49 (50) union 0-49 (50) = 0-49 (50)
0-49 (50) union 0-74 (75) = 0-74 (75)
0-74 (75) union NULL = 0-74 (75)
0-74 (75) union 0-24 (25) = 0-74 (75)
0-74 (75) union 0-49 (50) = 0-74 (75)
0-74 (75) union 0-74 (75) = 0-74 (75)
NULL union NULL = NULL
NULL union 25-49 (25) = 25-49 (25)
NULL union 25-74 (50) = 25-74 (50)
NULL union 25-99 (75) = 25-99 (75)
0-24 (25) union NULL = 0-24 (25)
0-24 (25) union 25-49 (25) = 0-49 (50)
0-24 (25) union 25-74 (50) = 0-74 (75)
0-24 (25) union 25-99 (75) = 0-99 (100)
0-49 (50) union NULL = 0-49 (50)
0-49 (50) union 25-49 (25) = 0-49 (50)
0-49 (50) union 25-74 (50) = 0-74 (75)
0-49 (50) union 25-99 (75) = 0-99 (100)
0-74 (75) union NULL = 0-74 (75)
0-74 (75) union 25-49 (25) = 0-74 (75)
0-74 (75) union 25-74 (50) = 0-74 (75)
0-74 (75) union 25-99 (75) = 0-99 (100)
NULL union NULL = NULL
NULL union 50-74 (25) = 50-74 (25)
NULL union 50-99 (50) = 50-99 (50)
NULL union 50-124 (75) = 50-124 (75)
0-24 (25) union NULL = 0-24 (25)
0-24 (25) union 50-74 (25) = 0-74 (75)
0-24 (25) union 50-99 (50) = 0-99 (100)
0-24 (25) union 50-124 (75) = 0-124 (125)
0-49 (50) union NULL = 0-49 (50)
0-49 (50) union 50-74 (25) = 0-74 (75)
0-49 (50) union 50-99 (50) = 0-99 (100)
0-49 (50) union 50-124 (75) = 0-124 (125)
0-74 (75) union NULL = 0-74 (75)
0-74 (75) union 50-74 (25) = 0-74 (75)
0-74 (75) union 50-99 (50) = 0-99 (100)
0-74 (75) union 50-124 (75) = 0-124 (125)
NULL union NULL = NULL
NULL union 75-99 (25) = 75-99 (25)
NULL union 75-124 (50) = 75-124 (50)
NULL union 75-149 (75) = 75-149 (75)
0-24 (25) union NULL = 0-24 (25)
0-24 (25) union 75-99 (25) = 0-99 (100)
0-24 (25) union 75-124 (50) = 0-124 (125)
0-24 (25) union 75-149 (75) = 0-149 (150)
0-49 (50) union NULL = 0-49 (50)
0-49 (50) union 75-99 (25) = 0-99 (100)
0-49 (50) union 75-124 (50) = 0-124 (125)
0-49 (50) union 75-149 (75) = 0-149 (150)
0-74 (75) union NULL = 0-74 (75)
0-74 (75) union 75-99 (25) = 0-99 (100)
0-74 (75) union 75-124 (50) = 0-124 (125)
0-74 (75) union 75-149 (75) = 0-149 (150)
NULL union NULL = NULL
NULL union 0-24 (25) = 0-24 (25)
NULL union 0-49 (50) = 0-49 (50)
NULL union 0-74 (75) = 0-74 (75)
25-49 (25) union NULL = 25-49 (25)
25-49 (25) union 0-24 (25) = 0-49 (50)
25-49 (25) union 0-49 (50) = 0-49 (50)
25-49 (25) union 0-74 (75) = 0-74 (75)
25-74 (50) union NULL = 25-74 (50)
25-74 (50) union 0-24 (25) = 0-74 (75)
25-74 (50) union 0-49 (50) = 0-74 (75)
25-74 (50) union 0-74 (75) = 0-74 (75)
25-99 (75) union NULL = 25-99 (75)
25-99 (75) union 0-24 (25) = 0-99 (100)
25-99 (75) union 0-49 (50) = 0-99 (100)
25-99 (75) union 0-74 (75) = 0-99 (100)
NULL union NULL = NULL
NULL union 25-49 (25) = 25-49 (25)
NULL union 25-74 (50) = 25-74 (50)
NULL union 25-99 (75) = 25-99 (75)
25-49 (25) union NULL = 25-49 (25)
25-49 (25) union 25-49 (25) = 25-49 (25)
25-49 (25) union 25-74 (50) = 25-74 (50)
25-49 (25) union 25-99 (75) = 25-99 (75)
25-74 (50) union NULL = 25-74 (50)
25-74 (50) union 25-49 (25) = 25-74 (50)
25-74 (50) union 25-74 (50) = 25-74 (50)
25-74 (50) union 25-99 (75) = 25-99 (75)
25-99 (75) union NULL = 25-99 (75)
25-99 (75) union 25-49 (25) = 25-99 (75)
25-99 (75) union 25-74 (50) = 25-99 (75)
25-99 (75) union 25-99 (75) = 25-99 (75)
NULL union NULL = NULL
NULL union 50-74 (25) = 50-74 (25)
NULL union 50-99 (50) = 50-99 (50)
NULL union 50-124 (75) = 50-124 (75)
25-49 (25) union NULL = 25-49 (25)
25-49 (25) union 50-74 (25) = 25-74 (50)
25-49 (25) union 50-99 (50) = 25-99 (75)
25-49 (25) union 50-124 (75) = 25-124 (100)
25-74 (50) union NULL = 25-74 (50)
25-74 (50) union 50-74 (25) = 25-74 (50)
25-74 (50) union 50-99 (50) = 25-99 (75)
25-74 (50) union 50-124 (75) = 25-124 (100)
25-99 (75) union NULL = 25-99 (75)
25-99 (75) union 50-74 (25) = 25-99 (75)
25-99 (75) union 50-99 (50) = 25-99 (75)
25-99 (75) union 50-124 (75) = 25-124 (100)
NULL union NULL = NULL
NULL union 75-99 (25) = 75-99 (25)
NULL union 75-124 (50) = 75-124 (50)
NULL union 75-149 (75) = 75-149 (75)
25-49 (25) union NULL = 25-49 (25)
25-49 (25) union 75-99 (25) = 25-99 (75)
25-49 (25) union 75-124 (50) = 25-124 (100)
25-49 (25) union 75-149 (75) = 25-149 (125)
25-74 (50) union NULL = 25-74 (50)
25-74 (50) union 75-99 (25) = 25-99 (75)
25-74 (50) union 75-124 (50) = 25-124 (100)
25-74 (50) union 75-149 (75) = 25-149 (125)
25-99 (75) union NULL = 25-99 (75)
25-99 (75) union 75-99 (25) = 25-99 (75)
25-99 (75) union 75-124 (50) = 25-124 (100)
25-99 (75) union 75-149 (75) = 25-149 (125)
NULL union NULL = NULL
NULL union 0-24 (25) = 0-24 (25)
NULL union 0-49 (50) = 0-49 (50)
NULL union 0-74 (75) = 0-74 (75)
50-74 (25) union NULL = 50-74 (25)
50-74 (25) union 0-24 (25) = 0-74 (75)
50-74 (25) union 0-49 (50) = 0-74 (75)
50-74 (25) union 0-74 (75) = 0-74 (75)
50-99 (50) union NULL = 50-99 (50)
50-99 (50) union 0-24 (25) = 0-99 (100)
50-99 (50) union 0-49 (50) = 0-99 (100)
50-99 (50) union 0-74 (75) = 0-99 (100)
50-124 (75) union NULL = 50-124 (75)
50-124 (75) union 0-24 (25) = 0-124 (125)
50-124 (75) union 0-49 (50) = 0-124 (125)
50-124 (75) union 0-74 (75) = 0-124 (125)
NULL union NULL = NULL
NULL union 25-49 (25) = 25-49 (25)
NULL union 25-74 (50) = 25-74 (50)
NULL union 25-99 (75) = 25-99 (75)
50-74 (25) union NULL = 50-74 (25)
50-74 (25) union 25-49 (25) = 25-74 (50)
50-74 (25) union 25-74 (50) = 25-74 (50)
50-74 (25) union 25-99 (75) = 25-99 (75)
50-99 (50) union NULL = 50-99 (50)
50-99 (50) union 25-49 (25) = 25-99 (75)
50-99 (50) union 25-74 (50) = 25-99 (75)
50-99 (50) union 25-99 (75) = 25-99 (75)
50-124 (75) union NULL = 50-124 (75)
50-124 (75) union 25-49 (25) = 25-124 (100)
50-124 (75) union 25-74 (50) = 25-124 (100)
50-124 (75) union 25-99 (75) = 25-124 (100)
NULL union NULL = NULL
NULL union 50-74 (25) = 50-74 (25)
NULL union 50-99 (50) = 50-99 (50)
NULL union 50-124 (75) = 50-124 (75)
50-74 (25) union NULL = 50-74 (25)
50-74 (25) union 50-74 (25) = 50-74 (25)
50-74 (25) union 50-99 (50) = 50-99 (50)
50-74 (25) union 50-124 (75) = 50-124 (75)
50-99 (50) union NULL = 50-99 (50)
50-99 (50) union 50-74 (25) = 50-99 (50)
50-99 (50) union 50-99 (50) = 50-99 (50)
50-99 (50) union 50-124 (75) = 50-124 (75)
50-124 (75) union NULL = 50-124 (75)
50-124 (75) union 50-74 (25) = 50-124 (75)
50-124 (75) union 50-99 (50) = 50-124 (75)
50-124 (75) union 50-124 (75) = 50-124 (75)
NULL union NULL = NULL
NULL union 75-99 (25) = 75-99 (25)
NULL union 75-124 (50) = 75-124 (50)
NULL union 75-149 (75) = 75-149 (75)
50-74 (25) union NULL = 50-74 (25)
50-74 (25) union 75-99 (25) = 50-99 (50)
50-74 (25) union 75-124 (50) = 50-124 (75)
50-74 (25) union 75-149 (75) = 50-149 (100)
50-99 (50) union NULL = 50-99 (50)
50-99 (50) union 75-99 (25) = 50-99 (50)
50-99 (50) union 75-124 (50) = 50-124 (75)
50-99 (50) union 75-149 (75) = 50-149 (100)
50-124 (75) union NULL = 50-124 (75)
50-124 (75) union 75-99 (25) = 50-124 (75)
50-124 (75) union 75-124 (50) = 50-124 (75)
50-124 (75) union 75-149 (75) = 50-149 (100)
NULL union NULL = NULL
NULL union 0-24 (25) = 0-24 (25)
NULL union 0-49 (50) = 0-49 (50)
NULL union 0-74 (75) = 0-74 (75)
75-99 (25) union NULL = 75-99 (25)
75-99 (25) union 0-24 (25) = 0-99 (100)
75-99 (25) union 0-49 (50) = 0-99 (100)
75-99 (25) union 0-74 (75) = 0-99 (100)
75-124 (50) union NULL = 75-124 (50)
75-124 (50) union 0-24 (25) = 0-124 (125)
75-124 (50) union 0-49 (50) = 0-124 (125)
75-124 (50) union 0-74 (75) = 0-124 (125)
75-149 (75) union NULL = 75-149 (75)
75-149 (75) union 0-24 (25) = 0-149 (150)
75-149 (75) union 0-49 (50) = 0-149 (150)
75-149 (75) union 0-74 (75) = 0-149 (150)
NULL union NULL = NULL
NULL union 25-49 (25) = 25-49 (25)
NULL union 25-74 (50) = 25-74 (50)
NULL union 25-99 (75) = 25-99 (75)
75-99 (25) union NULL = 75-99 (25)
75-99 (25) union 25-49 (25) = 25-99 (75)
75-99 (25) union 25-74 (50) = 25-99 (75)
75-99 (25) union 25-99 (75) = 25-99 (75)
75-124 (50) union NULL = 75-124 (50)
75-124 (50) union 25-49 (25) = 25-124 (100)
75-124 (50) union 25-74 (50) = 25-124 (100)
75-124 (50) union 25-99 (75) = 25-124 (100)
75-149 (75) union NULL = 75-149 (75)
75-149 (75) union 25-49 (25) = 25-149 (125)
75-149 (75) union 25-74 (50) = 25-149 (125)
75-149 (75) union 25-99 (75) = 25-149 (125)
NULL union NULL = NULL
NULL union 50-74 (25) = 50-74 (25)
NULL union 50-99 (50) = 50-99 (50)
NULL union 50-124 (75) = 50-124 (75)
75-99 (25) union NULL = 75-99 (25)
75-99 (25) union 50-74 (25) = 50-99 (50)
75-99 (25) union 50-99 (50) = 50-99 (50)
75-99 (25) union 50-124 (75) = 50-124 (75)
75-124 (50) union NULL = 75-124 (50)
75-124 (50) union 50-74 (25) = 50-124 (75)
75-124 (50) union 50-99 (50) = 50-124 (75)
75-124 (50) union 50-124 (75) = 50-124 (75)
75-149 (75) union NULL = 75-149 (75)
75-149 (75) union 50-74 (25) = 50-149 (100)
75-149 (75) union 50-99 (50) = 50-149 (100)
75-149 (75) union 50-124 (75) = 50-149 (100)
NULL union NULL = NULL
NULL union 75-99 (25) = 75-99 (25)
NULL union 75-124 (50) = 75-124 (50)
NULL union 75-149 (75) = 75-149 (75)
75-99 (25) union NULL = 75-99 (25)
75-99 (25) union 75-99 (25) = 75-99 (25)
75-99 (25) union 75-124 (50) = 75-124 (50)
75-99 (25) union 75-149 (75) = 75-149 (75)
75-124 (50) union NULL = 75-124 (50)
75-124 (50) union 75-99 (25) = 75-124 (50)
75-124 (50) union 75-124 (50) = 75-124 (50)
75-124 (50) union 75-149 (75) = 75-149 (75)
75-149 (75) union NULL = 75-149 (75)
75-149 (75) union 75-99 (25) = 75-149 (75)
75-149 (75) union 75-124 (50) = 75-149 (75)
75-149 (75) union 75-149 (75) = 75-149 (75)
