NULL: 
0-0 (1):  0
2-5 (4):  2, 3, 4, 5
INVALID: 
