0x0000000000000000
data: 0x2450f7287f11f328
integer: 0x23cc2a942c86a786
long long 0x23cc2a942c86a786
float 0xc2d1a2481b3ff300
double: 0xc2d1a2481b3ff300
pointer: 0x23cc2a942c86a786
32: 0x000000ced51853
64: 0x2450f7287f11f328
chain32: 0x000000ced51853
hash32: 0xbd1a7a8aec809763
