00000000
0x000001
0x10000002
0x20000003

0
0x1
0x10000002
0x20000003

0
1
10000002
20000003
