NULL <= 0 = NO
NULL <= 1 = NO
NULL <= 2 = NO
NULL <= 3 = NO
NULL <= 4 = NO
NULL <= 5 = NO
NULL <= 6 = NO
0-0 (1) <= 0 = YES
0-0 (1) <= 1 = YES
0-0 (1) <= 2 = YES
0-0 (1) <= 3 = YES
0-0 (1) <= 4 = YES
0-0 (1) <= 5 = YES
0-0 (1) <= 6 = YES
0-1 (2) <= 0 = NO
0-1 (2) <= 1 = YES
0-1 (2) <= 2 = YES
0-1 (2) <= 3 = YES
0-1 (2) <= 4 = YES
0-1 (2) <= 5 = YES
0-1 (2) <= 6 = YES
0-2 (3) <= 0 = NO
0-2 (3) <= 1 = NO
0-2 (3) <= 2 = YES
0-2 (3) <= 3 = YES
0-2 (3) <= 4 = YES
0-2 (3) <= 5 = YES
0-2 (3) <= 6 = YES
NULL <= 0 = NO
NULL <= 1 = NO
NULL <= 2 = NO
NULL <= 3 = NO
NULL <= 4 = NO
NULL <= 5 = NO
NULL <= 6 = NO
1-1 (1) <= 0 = NO
1-1 (1) <= 1 = YES
1-1 (1) <= 2 = YES
1-1 (1) <= 3 = YES
1-1 (1) <= 4 = YES
1-1 (1) <= 5 = YES
1-1 (1) <= 6 = YES
1-2 (2) <= 0 = NO
1-2 (2) <= 1 = NO
1-2 (2) <= 2 = YES
1-2 (2) <= 3 = YES
1-2 (2) <= 4 = YES
1-2 (2) <= 5 = YES
1-2 (2) <= 6 = YES
1-3 (3) <= 0 = NO
1-3 (3) <= 1 = NO
1-3 (3) <= 2 = NO
1-3 (3) <= 3 = YES
1-3 (3) <= 4 = YES
1-3 (3) <= 5 = YES
1-3 (3) <= 6 = YES
NULL <= 0 = NO
NULL <= 1 = NO
NULL <= 2 = NO
NULL <= 3 = NO
NULL <= 4 = NO
NULL <= 5 = NO
NULL <= 6 = NO
2-2 (1) <= 0 = NO
2-2 (1) <= 1 = NO
2-2 (1) <= 2 = YES
2-2 (1) <= 3 = YES
2-2 (1) <= 4 = YES
2-2 (1) <= 5 = YES
2-2 (1) <= 6 = YES
2-3 (2) <= 0 = NO
2-3 (2) <= 1 = NO
2-3 (2) <= 2 = NO
2-3 (2) <= 3 = YES
2-3 (2) <= 4 = YES
2-3 (2) <= 5 = YES
2-3 (2) <= 6 = YES
2-4 (3) <= 0 = NO
2-4 (3) <= 1 = NO
2-4 (3) <= 2 = NO
2-4 (3) <= 3 = NO
2-4 (3) <= 4 = YES
2-4 (3) <= 5 = YES
2-4 (3) <= 6 = YES
NULL <= 0 = NO
NULL <= 1 = NO
NULL <= 2 = NO
NULL <= 3 = NO
NULL <= 4 = NO
NULL <= 5 = NO
NULL <= 6 = NO
3-3 (1) <= 0 = NO
3-3 (1) <= 1 = NO
3-3 (1) <= 2 = NO
3-3 (1) <= 3 = YES
3-3 (1) <= 4 = YES
3-3 (1) <= 5 = YES
3-3 (1) <= 6 = YES
3-4 (2) <= 0 = NO
3-4 (2) <= 1 = NO
3-4 (2) <= 2 = NO
3-4 (2) <= 3 = NO
3-4 (2) <= 4 = YES
3-4 (2) <= 5 = YES
3-4 (2) <= 6 = YES
3-5 (3) <= 0 = NO
3-5 (3) <= 1 = NO
3-5 (3) <= 2 = NO
3-5 (3) <= 3 = NO
3-5 (3) <= 4 = NO
3-5 (3) <= 5 = YES
3-5 (3) <= 6 = YES
